{"label": "random", "dtype": "bf16", "M": 1, "K": 768, "N": 768, "elements": 768, "mismatches_vs_cpp_chain": 0, "cpp_ref_seconds": 0.004313230514526367, "python_subset": {"checked": 400, "mismatches": 0}, "kernel_ms": 0.022681599482893944, "kernel_tflops": 0.05200903053109942, "cublas_ms": 0.013619199395179749, "cublas_label": "torch.matmul(bf16,bf16)->bf16", "kernel_over_cublas_time": 1.6654135698256725, "hawkeye_ampere": {"mismatches_vs_gpu": 0, "seconds": 0.008952617645263672}}
{"label": "random+acc", "dtype": "bf16", "M": 32, "K": 768, "N": 768, "elements": 24576, "mismatches_vs_cpp_chain": 0, "cpp_ref_seconds": 0.0057146549224853516, "python_subset": {"checked": 400, "mismatches": 0}, "kernel_ms": 0.023336000740528107, "kernel_tflops": 1.617618049456135, "cublas_ms": 0.017052799463272095, "cublas_label": "torch.matmul(bf16,bf16)->bf16", "kernel_over_cublas_time": 1.3684557066884306}
{"label": "random", "dtype": "bf16", "M": 1024, "K": 768, "N": 768, "elements": 786432, "mismatches_vs_cpp_chain": 0, "cpp_ref_seconds": 0.1998426914215088, "python_subset": {"checked": 400, "mismatches": 0}, "kernel_ms": 0.030617600306868553, "kernel_tflops": 39.45310997246947, "cublas_ms": 0.014404800534248353, "cublas_label": "torch.matmul(bf16,bf16)->bf16", "kernel_over_cublas_time": 2.125513660121375, "hawkeye_ampere": {"mismatches_vs_gpu": 0, "seconds": 1.0691132545471191}}
{"label": "random", "dtype": "bf16", "M": 1, "K": 768, "N": 2304, "elements": 2304, "mismatches_vs_cpp_chain": 0, "cpp_ref_seconds": 0.001094818115234375, "python_subset": {"checked": 400, "mismatches": 0}, "kernel_ms": 0.02252800017595291, "kernel_tflops": 0.15709090786396473, "cublas_ms": 0.013465599715709686, "cublas_label": "torch.matmul(bf16,bf16)->bf16", "kernel_over_cublas_time": 1.6730038506692388, "hawkeye_ampere": {"mismatches_vs_gpu": 0, "seconds": 0.006794452667236328}}
{"label": "random+acc", "dtype": "bf16", "M": 32, "K": 768, "N": 2304, "elements": 73728, "mismatches_vs_cpp_chain": 0, "cpp_ref_seconds": 0.01546621322631836, "python_subset": {"checked": 400, "mismatches": 0}, "kernel_ms": 0.023347200825810432, "kernel_tflops": 4.850526144222215, "cublas_ms": 0.019512000679969787, "cublas_label": "torch.matmul(bf16,bf16)->bf16", "kernel_over_cublas_time": 1.196555966184324}
{"label": "random", "dtype": "bf16", "M": 1024, "K": 768, "N": 2304, "elements": 2359296, "mismatches_vs_cpp_chain": 0, "cpp_ref_seconds": 0.7534811496734619, "python_subset": {"checked": 400, "mismatches": 0}, "kernel_ms": 0.053043197840452194, "kernel_tflops": 68.31938502086936, "cublas_ms": 0.03317759931087494, "cublas_label": "torch.matmul(bf16,bf16)->bf16", "kernel_over_cublas_time": 1.5987654002158533, "hawkeye_ampere": {"mismatches_vs_gpu": 0, "seconds": 2.984544515609741}}
{"label": "random", "dtype": "bf16", "M": 1, "K": 768, "N": 3072, "elements": 3072, "mismatches_vs_cpp_chain": 0, "cpp_ref_seconds": 0.0009903907775878906, "python_subset": {"checked": 400, "mismatches": 0}, "kernel_ms": 0.02252800017595291, "kernel_tflops": 0.20945454381861964, "cublas_ms": 0.01879040002822876, "cublas_label": "torch.matmul(bf16,bf16)->bf16", "kernel_over_cublas_time": 1.1989100893067295, "hawkeye_ampere": {"mismatches_vs_gpu": 0, "seconds": 0.008460283279418945}}
{"label": "random+acc", "dtype": "bf16", "M": 32, "K": 768, "N": 3072, "elements": 98304, "mismatches_vs_cpp_chain": 0, "cpp_ref_seconds": 0.017974853515625, "python_subset": {"checked": 400, "mismatches": 0}, "kernel_ms": 0.023398399353027344, "kernel_tflops": 6.453216808630283, "cublas_ms": 0.016332800686359405, "cublas_label": "torch.matmul(bf16,bf16)->bf16", "kernel_over_cublas_time": 1.4326017810631146}
{"label": "random", "dtype": "bf16", "M": 1024, "K": 768, "N": 3072, "elements": 3145728, "mismatches_vs_cpp_chain": 0, "cpp_ref_seconds": 1.0094273090362549, "python_subset": {"checked": 400, "mismatches": 0}, "kernel_ms": 0.06394879519939423, "kernel_tflops": 75.55792400676489, "cublas_ms": 0.0364544004201889, "cublas_label": "torch.matmul(bf16,bf16)->bf16", "kernel_over_cublas_time": 1.7542133312382937, "hawkeye_ampere": {"mismatches_vs_gpu": 0, "seconds": 4.026171922683716}}
{"label": "random", "dtype": "bf16", "M": 1, "K": 3072, "N": 768, "elements": 768, "mismatches_vs_cpp_chain": 0, "cpp_ref_seconds": 0.004412412643432617, "python_subset": {"checked": 400, "mismatches": 0}, "kernel_ms": 0.0844288021326065, "kernel_tflops": 0.05588841581086076, "cublas_ms": 0.014079999923706055, "cublas_label": "torch.matmul(bf16,bf16)->bf16", "kernel_over_cublas_time": 5.996363820319088, "hawkeye_ampere": {"mismatches_vs_gpu": 0, "seconds": 0.007870197296142578}}
{"label": "random+acc", "dtype": "bf16", "M": 32, "K": 3072, "N": 768, "elements": 24576, "mismatches_vs_cpp_chain": 0, "cpp_ref_seconds": 0.022173404693603516, "python_subset": {"checked": 400, "mismatches": 0}, "kernel_ms": 0.08622080087661743, "kernel_tflops": 1.7512588895581567, "cublas_ms": 0.016383999586105348, "cublas_label": "torch.matmul(bf16,bf16)->bf16", "kernel_over_cublas_time": 5.2625001864464185}
{"label": "random", "dtype": "bf16", "M": 1024, "K": 3072, "N": 768, "elements": 786432, "mismatches_vs_cpp_chain": 0, "cpp_ref_seconds": 1.0411381721496582, "python_subset": {"checked": 400, "mismatches": 0}, "kernel_ms": 0.10252000391483307, "kernel_tflops": 47.13068692441698, "cublas_ms": 0.04304159879684448, "cublas_label": "torch.matmul(bf16,bf16)->bf16", "kernel_over_cublas_time": 2.3818818719705446, "hawkeye_ampere": {"mismatches_vs_gpu": 0, "seconds": 4.077195882797241}}
{"label": "random", "dtype": "bf16", "M": 1, "K": 768, "N": 50304, "elements": 50304, "mismatches_vs_cpp_chain": 0, "cpp_ref_seconds": 0.01086878776550293, "python_subset": {"checked": 400, "mismatches": 0}, "kernel_ms": 0.09497600048780441, "kernel_tflops": 0.8135417747973249, "cublas_ms": 0.036657598614692685, "cublas_label": "torch.matmul(bf16,bf16)->bf16", "kernel_over_cublas_time": 2.5908953143956683, "hawkeye_ampere": {"mismatches_vs_gpu": 0, "seconds": 0.12189364433288574}}
{"label": "random+acc", "dtype": "bf16", "M": 32, "K": 768, "N": 50304, "elements": 1609728, "mismatches_vs_cpp_chain": 0, "cpp_ref_seconds": 0.4666562080383301, "python_subset": {"checked": 400, "mismatches": 0}, "kernel_ms": 0.30576640367507935, "kernel_tflops": 8.086376326116687, "cublas_ms": 0.07376319766044617, "cublas_label": "torch.matmul(bf16,bf16)->bf16", "kernel_over_cublas_time": 4.145243337776821}
{"label": "random", "dtype": "bf16", "M": 1024, "K": 768, "N": 50304, "elements": 51511296, "mismatches_vs_cpp_chain": 0, "cpp_ref_seconds": 16.05192279815674, "python_subset": {"checked": 400, "mismatches": 0}, "kernel_ms": 2.454681634902954, "kernel_tflops": 32.23283603501928, "cublas_ms": 0.7478176116943359, "cublas_label": "torch.matmul(bf16,bf16)->bf16", "kernel_over_cublas_time": 3.282460317217408}
{"label": "random", "dtype": "e4m3", "M": 1, "K": 768, "N": 768, "elements": 768, "mismatches_vs_cpp_chain": 0, "cpp_ref_seconds": 0.0012209415435791016, "python_subset": {"checked": 400, "mismatches": 0}, "kernel_ms": 0.013158400543034077, "kernel_tflops": 0.0896498017477127, "cublas_ms": 0.022694399952888487, "cublas_label": "torch._scaled_mm(e4m3,e4m3)->f32", "kernel_over_cublas_time": 0.5798082597623079}
{"label": "random+acc", "dtype": "e4m3", "M": 32, "K": 768, "N": 768, "elements": 24576, "mismatches_vs_cpp_chain": 0, "cpp_ref_seconds": 0.004963874816894531, "python_subset": {"checked": 400, "mismatches": 0}, "kernel_ms": 0.013977600261569023, "kernel_tflops": 2.7006592901207065, "cublas_ms": 0.02218559980392456, "cublas_label": "torch._scaled_mm(e4m3,e4m3)->f32", "kernel_over_cublas_time": 0.6300303072760031}
{"label": "random", "dtype": "e4m3", "M": 1024, "K": 768, "N": 768, "elements": 786432, "mismatches_vs_cpp_chain": 0, "cpp_ref_seconds": 0.22727108001708984, "python_subset": {"checked": 400, "mismatches": 0}, "kernel_ms": 0.019406400620937347, "kernel_tflops": 62.245419724910036, "cublas_ms": 0.026265600323677064, "cublas_label": "torch._scaled_mm(e4m3,e4m3)->f32", "kernel_over_cublas_time": 0.7388523537169448}
{"label": "random", "dtype": "e4m3", "M": 1, "K": 768, "N": 2304, "elements": 2304, "mismatches_vs_cpp_chain": 0, "cpp_ref_seconds": 0.0012445449829101562, "python_subset": {"checked": 400, "mismatches": 0}, "kernel_ms": 0.0130191994830966, "kernel_tflops": 0.2718250077199268, "cublas_ms": 0.022035199403762817, "cublas_label": "torch._scaled_mm(e4m3,e4m3)->f32", "kernel_over_cublas_time": 0.5908364723431271}
{"label": "random+acc", "dtype": "e4m3", "M": 32, "K": 768, "N": 2304, "elements": 73728, "mismatches_vs_cpp_chain": 0, "cpp_ref_seconds": 0.012904167175292969, "python_subset": {"checked": 400, "mismatches": 0}, "kernel_ms": 0.01372160017490387, "kernel_tflops": 8.253134223158735, "cublas_ms": 0.022937600314617158, "cublas_label": "torch._scaled_mm(e4m3,e4m3)->f32", "kernel_over_cublas_time": 0.5982142851342508}
{"label": "random", "dtype": "e4m3", "M": 1024, "K": 768, "N": 2304, "elements": 2359296, "mismatches_vs_cpp_chain": 0, "cpp_ref_seconds": 0.6559767723083496, "python_subset": {"checked": 400, "mismatches": 0}, "kernel_ms": 0.03640959784388542, "kernel_tflops": 99.53086193201635, "cublas_ms": 0.02421119958162308, "cublas_label": "torch._scaled_mm(e4m3,e4m3)->f32", "kernel_over_cublas_time": 1.5038328737548898}
{"label": "random", "dtype": "e4m3", "M": 1, "K": 768, "N": 3072, "elements": 3072, "mismatches_vs_cpp_chain": 0, "cpp_ref_seconds": 0.0009021759033203125, "python_subset": {"checked": 400, "mismatches": 0}, "kernel_ms": 0.013055999763309956, "kernel_tflops": 0.361411771257856, "cublas_ms": 0.025332799553871153, "cublas_label": "torch._scaled_mm(e4m3,e4m3)->f32", "kernel_over_cublas_time": 0.5153792708755256}
{"label": "random+acc", "dtype": "e4m3", "M": 32, "K": 768, "N": 3072, "elements": 98304, "mismatches_vs_cpp_chain": 0, "cpp_ref_seconds": 0.015447616577148438, "python_subset": {"checked": 400, "mismatches": 0}, "kernel_ms": 0.013823999091982841, "kernel_tflops": 10.92266738411237, "cublas_ms": 0.022843199968338012, "cublas_label": "torch._scaled_mm(e4m3,e4m3)->f32", "kernel_over_cublas_time": 0.6051691142722428}
{"label": "random", "dtype": "e4m3", "M": 1024, "K": 768, "N": 3072, "elements": 3145728, "mismatches_vs_cpp_chain": 0, "cpp_ref_seconds": 0.9177055358886719, "python_subset": {"checked": 400, "mismatches": 0}, "kernel_ms": 0.04321280121803284, "kernel_tflops": 111.81497315160534, "cublas_ms": 0.02590720057487488, "cublas_label": "torch._scaled_mm(e4m3,e4m3)->f32", "kernel_over_cublas_time": 1.667984199726355}
{"label": "random", "dtype": "e4m3", "M": 1, "K": 3072, "N": 768, "elements": 768, "mismatches_vs_cpp_chain": 0, "cpp_ref_seconds": 0.0032722949981689453, "python_subset": {"checked": 400, "mismatches": 0}, "kernel_ms": 0.046745602041482925, "kernel_tflops": 0.10094194520829218, "cublas_ms": 0.02677760124206543, "cublas_label": "torch._scaled_mm(e4m3,e4m3)->f32", "kernel_over_cublas_time": 1.7456978920146662}
{"label": "random+acc", "dtype": "e4m3", "M": 32, "K": 3072, "N": 768, "elements": 24576, "mismatches_vs_cpp_chain": 0, "cpp_ref_seconds": 0.02005767822265625, "python_subset": {"checked": 400, "mismatches": 0}, "kernel_ms": 0.04848640039563179, "kernel_tflops": 3.1141710411153425, "cublas_ms": 0.0302592009305954, "cublas_label": "torch._scaled_mm(e4m3,e4m3)->f32", "kernel_over_cublas_time": 1.6023688301235568}
{"label": "random", "dtype": "e4m3", "M": 1024, "K": 3072, "N": 768, "elements": 786432, "mismatches_vs_cpp_chain": 0, "cpp_ref_seconds": 0.8801190853118896, "python_subset": {"checked": 400, "mismatches": 0}, "kernel_ms": 0.05684639886021614, "kernel_tflops": 84.99814068928742, "cublas_ms": 0.025139200687408447, "cublas_label": "torch._scaled_mm(e4m3,e4m3)->f32", "kernel_over_cublas_time": 2.261265167777947}
{"label": "random", "dtype": "e4m3", "M": 1, "K": 768, "N": 50304, "elements": 50304, "mismatches_vs_cpp_chain": 0, "cpp_ref_seconds": 0.010476350784301758, "python_subset": {"checked": 400, "mismatches": 0}, "kernel_ms": 0.04142079874873161, "kernel_tflops": 1.8654141478226822, "cublas_ms": 0.023657600581645965, "cublas_label": "torch._scaled_mm(e4m3,e4m3)->f32", "kernel_over_cublas_time": 1.750845298354842}
{"label": "random+acc", "dtype": "e4m3", "M": 32, "K": 768, "N": 50304, "elements": 1609728, "mismatches_vs_cpp_chain": 0, "cpp_ref_seconds": 0.5180850028991699, "python_subset": {"checked": 400, "mismatches": 0}, "kernel_ms": 0.04776959866285324, "kernel_tflops": 51.759744214110526, "cublas_ms": 0.024747200310230255, "cublas_label": "torch._scaled_mm(e4m3,e4m3)->f32", "kernel_over_cublas_time": 1.9303031479930983}
{"label": "random", "dtype": "e4m3", "M": 1024, "K": 768, "N": 50304, "elements": 51511296, "mismatches_vs_cpp_chain": 0, "cpp_ref_seconds": 13.543407440185547, "python_subset": {"checked": 400, "mismatches": 0}, "kernel_ms": 0.6088207960128784, "kernel_tflops": 129.95835749067666, "cublas_ms": 0.29071359634399413, "cublas_label": "torch._scaled_mm(e4m3,e4m3)->f32", "kernel_over_cublas_time": 2.094228834390243}
[transformers] Disabling PyTorch because PyTorch >= 2.5 is required but found 2.4.1+cu124
[transformers] PyTorch was not found. Models won't be available and only tokenizers, configuration and file/data utilities can be used.
Warning: You are sending unauthenticated requests to the HF Hub. Please set a HF_TOKEN to enable higher rate limits and faster downloads.
Traceback (most recent call last):
  File "/workspace/tcs/gemm_chain.py", line 241, in <module>
    main()
  File "/workspace/tcs/gemm_chain.py", line 225, in main
    for name, x, w in gpt2_cases(rng):
  File "/workspace/tcs/gemm_chain.py", line 179, in gpt2_cases
    model = GPT2LMHeadModel.from_pretrained("gpt2").eval()
            ^^^^^^^^^^^^^^^^^^^^^^^^^^^^^^^
  File "/usr/local/lib/python3.11/dist-packages/transformers/utils/import_utils.py", line 2359, in __getattribute__
    requires_backends(cls, cls._backends)
  File "/usr/local/lib/python3.11/dist-packages/transformers/utils/import_utils.py", line 2345, in requires_backends
    raise ImportError("".join(failed))
ImportError: 
GPT2LMHeadModel requires the PyTorch library but it was not found in your environment. Check out the instructions on the
installation page: https://pytorch.org/get-started/locally/ and follow the ones that match your environment.
Please note that you may need to restart your runtime after installation.

